[2026-03-18T08:14:18.425+0000] {local_task_job_runner.py:123} INFO - ::group::Pre task execution logs
[2026-03-18T08:14:18.436+0000] {taskinstance.py:2631} INFO - Dependencies all met for dep_context=non-requeueable deps ti=<TaskInstance: spark_dag.run_spark_job manual__2026-03-18T08:14:14.006436+00:00 [queued]>
[2026-03-18T08:14:18.442+0000] {taskinstance.py:2631} INFO - Dependencies all met for dep_context=requeueable deps ti=<TaskInstance: spark_dag.run_spark_job manual__2026-03-18T08:14:14.006436+00:00 [queued]>
[2026-03-18T08:14:18.443+0000] {taskinstance.py:2884} INFO - Starting attempt 1 of 2
[2026-03-18T08:14:18.469+0000] {taskinstance.py:2907} INFO - Executing <Task(BashOperator): run_spark_job> on 2026-03-18 08:14:14.006436+00:00
[2026-03-18T08:14:18.474+0000] {standard_task_runner.py:72} INFO - Started process 35494 to run task
[2026-03-18T08:14:18.480+0000] {standard_task_runner.py:104} INFO - Running: ['airflow', 'tasks', 'run', 'spark_dag', 'run_spark_job', 'manual__2026-03-18T08:14:14.006436+00:00', '--job-id', '32', '--raw', '--subdir', 'DAGS_FOLDER/spark_dag.py', '--cfg-path', '/tmp/tmpn5mqhztg']
[2026-03-18T08:14:18.481+0000] {standard_task_runner.py:105} INFO - Job 32: Subtask run_spark_job
[2026-03-18T08:14:18.545+0000] {task_command.py:467} INFO - Running <TaskInstance: spark_dag.run_spark_job manual__2026-03-18T08:14:14.006436+00:00 [running]> on host Komal.localdomain
[2026-03-18T08:14:18.631+0000] {taskinstance.py:3157} INFO - Exporting env vars: AIRFLOW_CTX_DAG_OWNER='komal' AIRFLOW_CTX_DAG_ID='spark_dag' AIRFLOW_CTX_TASK_ID='run_spark_job' AIRFLOW_CTX_EXECUTION_DATE='2026-03-18T08:14:14.006436+00:00' AIRFLOW_CTX_TRY_NUMBER='1' AIRFLOW_CTX_DAG_RUN_ID='manual__2026-03-18T08:14:14.006436+00:00'
[2026-03-18T08:14:18.633+0000] {logging_mixin.py:190} INFO - Task instance is in running state
[2026-03-18T08:14:18.633+0000] {logging_mixin.py:190} INFO -  Previous state of the Task instance: queued
[2026-03-18T08:14:18.634+0000] {logging_mixin.py:190} INFO - Current task name:run_spark_job state:running start_date:2026-03-18 08:14:18.437202+00:00
[2026-03-18T08:14:18.634+0000] {logging_mixin.py:190} INFO - Dag name:spark_dag and current dag run status:running
[2026-03-18T08:14:18.634+0000] {taskinstance.py:740} INFO - ::endgroup::
[2026-03-18T08:14:18.635+0000] {subprocess.py:78} INFO - Tmp dir root location: /tmp
[2026-03-18T08:14:18.636+0000] {subprocess.py:88} INFO - Running command: ['/usr/bin/bash', '-c', '\n        export JAVA_HOME=/usr/lib/jvm/java-17-openjdk-amd64\n        export SPARK_HOME=/home/komal/spark\n\n        export PYSPARK_PYTHON=/home/komal/data-engineering-projects/airflow-spark-pipeline/airflow_venv/bin/python3\n        export PYSPARK_DRIVER_PYTHON=/home/komal/data-engineering-projects/airflow-spark-pipeline/airflow_venv/bin/python3\n\n        export PATH=$JAVA_HOME/bin:$SPARK_HOME/bin:$PATH\n\n        $SPARK_HOME/bin/spark-submit --master local[*] /home/komal/data-engineering-projects/airflow-spark-pipeline/spark_jobs/sample_spark_job.py\n        ']
[2026-03-18T08:14:18.644+0000] {subprocess.py:99} INFO - Output:
[2026-03-18T08:14:21.278+0000] {subprocess.py:106} INFO - 26/03/18 08:14:21 WARN Utils: Your hostname, Komal resolves to a loopback address: 127.0.1.1; using 10.255.255.254 instead (on interface lo)
[2026-03-18T08:14:21.281+0000] {subprocess.py:106} INFO - 26/03/18 08:14:21 WARN Utils: Set SPARK_LOCAL_IP if you need to bind to another address
[2026-03-18T08:14:22.522+0000] {subprocess.py:106} INFO - 26/03/18 08:14:22 INFO SparkContext: Running Spark version 3.4.2
[2026-03-18T08:14:22.615+0000] {subprocess.py:106} INFO - 26/03/18 08:14:22 WARN NativeCodeLoader: Unable to load native-hadoop library for your platform... using builtin-java classes where applicable
[2026-03-18T08:14:22.738+0000] {subprocess.py:106} INFO - 26/03/18 08:14:22 INFO ResourceUtils: ==============================================================
[2026-03-18T08:14:22.739+0000] {subprocess.py:106} INFO - 26/03/18 08:14:22 INFO ResourceUtils: No custom resources configured for spark.driver.
[2026-03-18T08:14:22.740+0000] {subprocess.py:106} INFO - 26/03/18 08:14:22 INFO ResourceUtils: ==============================================================
[2026-03-18T08:14:22.740+0000] {subprocess.py:106} INFO - 26/03/18 08:14:22 INFO SparkContext: Submitted application: UserDataPipeline
[2026-03-18T08:14:22.773+0000] {subprocess.py:106} INFO - 26/03/18 08:14:22 INFO ResourceProfile: Default ResourceProfile created, executor resources: Map(cores -> name: cores, amount: 1, script: , vendor: , memory -> name: memory, amount: 1024, script: , vendor: , offHeap -> name: offHeap, amount: 0, script: , vendor: ), task resources: Map(cpus -> name: cpus, amount: 1.0)
[2026-03-18T08:14:22.784+0000] {subprocess.py:106} INFO - 26/03/18 08:14:22 INFO ResourceProfile: Limiting resource is cpu
[2026-03-18T08:14:22.785+0000] {subprocess.py:106} INFO - 26/03/18 08:14:22 INFO ResourceProfileManager: Added ResourceProfile id: 0
[2026-03-18T08:14:22.863+0000] {subprocess.py:106} INFO - 26/03/18 08:14:22 INFO SecurityManager: Changing view acls to: komal
[2026-03-18T08:14:22.864+0000] {subprocess.py:106} INFO - 26/03/18 08:14:22 INFO SecurityManager: Changing modify acls to: komal
[2026-03-18T08:14:22.865+0000] {subprocess.py:106} INFO - 26/03/18 08:14:22 INFO SecurityManager: Changing view acls groups to:
[2026-03-18T08:14:22.866+0000] {subprocess.py:106} INFO - 26/03/18 08:14:22 INFO SecurityManager: Changing modify acls groups to:
[2026-03-18T08:14:22.866+0000] {subprocess.py:106} INFO - 26/03/18 08:14:22 INFO SecurityManager: SecurityManager: authentication disabled; ui acls disabled; users with view permissions: komal; groups with view permissions: EMPTY; users with modify permissions: komal; groups with modify permissions: EMPTY
[2026-03-18T08:14:23.206+0000] {subprocess.py:106} INFO - 26/03/18 08:14:23 INFO Utils: Successfully started service 'sparkDriver' on port 36709.
[2026-03-18T08:14:23.252+0000] {subprocess.py:106} INFO - 26/03/18 08:14:23 INFO SparkEnv: Registering MapOutputTracker
[2026-03-18T08:14:23.313+0000] {subprocess.py:106} INFO - 26/03/18 08:14:23 INFO SparkEnv: Registering BlockManagerMaster
[2026-03-18T08:14:23.341+0000] {subprocess.py:106} INFO - 26/03/18 08:14:23 INFO BlockManagerMasterEndpoint: Using org.apache.spark.storage.DefaultTopologyMapper for getting topology information
[2026-03-18T08:14:23.342+0000] {subprocess.py:106} INFO - 26/03/18 08:14:23 INFO BlockManagerMasterEndpoint: BlockManagerMasterEndpoint up
[2026-03-18T08:14:23.346+0000] {subprocess.py:106} INFO - 26/03/18 08:14:23 INFO SparkEnv: Registering BlockManagerMasterHeartbeat
[2026-03-18T08:14:23.384+0000] {subprocess.py:106} INFO - 26/03/18 08:14:23 INFO DiskBlockManager: Created local directory at /tmp/blockmgr-2170ef66-94ae-4636-89e1-e8eea4263f53
[2026-03-18T08:14:23.426+0000] {subprocess.py:106} INFO - 26/03/18 08:14:23 INFO MemoryStore: MemoryStore started with capacity 434.4 MiB
[2026-03-18T08:14:23.450+0000] {subprocess.py:106} INFO - 26/03/18 08:14:23 INFO SparkEnv: Registering OutputCommitCoordinator
[2026-03-18T08:14:23.618+0000] {subprocess.py:106} INFO - 26/03/18 08:14:23 INFO JettyUtils: Start Jetty 0.0.0.0:4040 for SparkUI
[2026-03-18T08:14:23.707+0000] {subprocess.py:106} INFO - 26/03/18 08:14:23 INFO Utils: Successfully started service 'SparkUI' on port 4040.
[2026-03-18T08:14:23.862+0000] {subprocess.py:106} INFO - 26/03/18 08:14:23 INFO Executor: Starting executor ID driver on host 10.255.255.254
[2026-03-18T08:14:23.871+0000] {subprocess.py:106} INFO - 26/03/18 08:14:23 INFO Executor: Starting executor with user classpath (userClassPathFirst = false): ''
[2026-03-18T08:14:23.894+0000] {subprocess.py:106} INFO - 26/03/18 08:14:23 INFO Utils: Successfully started service 'org.apache.spark.network.netty.NettyBlockTransferService' on port 40469.
[2026-03-18T08:14:23.895+0000] {subprocess.py:106} INFO - 26/03/18 08:14:23 INFO NettyBlockTransferService: Server created on 10.255.255.254:40469
[2026-03-18T08:14:23.898+0000] {subprocess.py:106} INFO - 26/03/18 08:14:23 INFO BlockManager: Using org.apache.spark.storage.RandomBlockReplicationPolicy for block replication policy
[2026-03-18T08:14:23.906+0000] {subprocess.py:106} INFO - 26/03/18 08:14:23 INFO BlockManagerMaster: Registering BlockManager BlockManagerId(driver, 10.255.255.254, 40469, None)
[2026-03-18T08:14:23.910+0000] {subprocess.py:106} INFO - 26/03/18 08:14:23 INFO BlockManagerMasterEndpoint: Registering block manager 10.255.255.254:40469 with 434.4 MiB RAM, BlockManagerId(driver, 10.255.255.254, 40469, None)
[2026-03-18T08:14:23.913+0000] {subprocess.py:106} INFO - 26/03/18 08:14:23 INFO BlockManagerMaster: Registered BlockManager BlockManagerId(driver, 10.255.255.254, 40469, None)
[2026-03-18T08:14:23.914+0000] {subprocess.py:106} INFO - 26/03/18 08:14:23 INFO BlockManager: Initialized BlockManager: BlockManagerId(driver, 10.255.255.254, 40469, None)
[2026-03-18T08:14:24.531+0000] {subprocess.py:106} INFO - 26/03/18 08:14:24 INFO SharedState: Setting hive.metastore.warehouse.dir ('null') to the value of spark.sql.warehouse.dir.
[2026-03-18T08:14:24.540+0000] {subprocess.py:106} INFO - 26/03/18 08:14:24 INFO SharedState: Warehouse path is 'file:/tmp/airflowtmplu8j5zlu/spark-warehouse'.
[2026-03-18T08:14:25.601+0000] {subprocess.py:106} INFO - 26/03/18 08:14:25 INFO InMemoryFileIndex: It took 76 ms to list leaf files for 1 paths.
[2026-03-18T08:14:25.695+0000] {subprocess.py:106} INFO - 26/03/18 08:14:25 INFO InMemoryFileIndex: It took 3 ms to list leaf files for 1 paths.
[2026-03-18T08:14:28.656+0000] {subprocess.py:106} INFO - 26/03/18 08:14:28 INFO FileSourceStrategy: Pushed Filters:
[2026-03-18T08:14:28.657+0000] {subprocess.py:106} INFO - 26/03/18 08:14:28 INFO FileSourceStrategy: Post-Scan Filters: (length(trim(value#0, None)) > 0)
[2026-03-18T08:14:29.360+0000] {subprocess.py:106} INFO - 26/03/18 08:14:29 INFO CodeGenerator: Code generated in 255.444649 ms
[2026-03-18T08:14:29.432+0000] {subprocess.py:106} INFO - 26/03/18 08:14:29 INFO MemoryStore: Block broadcast_0 stored as values in memory (estimated size 199.6 KiB, free 434.2 MiB)
[2026-03-18T08:14:29.509+0000] {subprocess.py:106} INFO - 26/03/18 08:14:29 INFO MemoryStore: Block broadcast_0_piece0 stored as bytes in memory (estimated size 34.3 KiB, free 434.2 MiB)
[2026-03-18T08:14:29.513+0000] {subprocess.py:106} INFO - 26/03/18 08:14:29 INFO BlockManagerInfo: Added broadcast_0_piece0 in memory on 10.255.255.254:40469 (size: 34.3 KiB, free: 434.4 MiB)
[2026-03-18T08:14:29.518+0000] {subprocess.py:106} INFO - 26/03/18 08:14:29 INFO SparkContext: Created broadcast 0 from csv at NativeMethodAccessorImpl.java:0
[2026-03-18T08:14:29.528+0000] {subprocess.py:106} INFO - 26/03/18 08:14:29 INFO FileSourceScanExec: Planning scan with bin packing, max size: 4194304 bytes, open cost is considered as scanning 4194304 bytes.
[2026-03-18T08:14:29.684+0000] {subprocess.py:106} INFO - 26/03/18 08:14:29 INFO SparkContext: Starting job: csv at NativeMethodAccessorImpl.java:0
[2026-03-18T08:14:29.707+0000] {subprocess.py:106} INFO - 26/03/18 08:14:29 INFO DAGScheduler: Got job 0 (csv at NativeMethodAccessorImpl.java:0) with 1 output partitions
[2026-03-18T08:14:29.708+0000] {subprocess.py:106} INFO - 26/03/18 08:14:29 INFO DAGScheduler: Final stage: ResultStage 0 (csv at NativeMethodAccessorImpl.java:0)
[2026-03-18T08:14:29.709+0000] {subprocess.py:106} INFO - 26/03/18 08:14:29 INFO DAGScheduler: Parents of final stage: List()
[2026-03-18T08:14:29.709+0000] {subprocess.py:106} INFO - 26/03/18 08:14:29 INFO DAGScheduler: Missing parents: List()
[2026-03-18T08:14:29.716+0000] {subprocess.py:106} INFO - 26/03/18 08:14:29 INFO DAGScheduler: Submitting ResultStage 0 (MapPartitionsRDD[3] at csv at NativeMethodAccessorImpl.java:0), which has no missing parents
[2026-03-18T08:14:29.819+0000] {subprocess.py:106} INFO - 26/03/18 08:14:29 INFO MemoryStore: Block broadcast_1 stored as values in memory (estimated size 12.1 KiB, free 434.2 MiB)
[2026-03-18T08:14:29.829+0000] {subprocess.py:106} INFO - 26/03/18 08:14:29 INFO MemoryStore: Block broadcast_1_piece0 stored as bytes in memory (estimated size 6.0 KiB, free 434.2 MiB)
[2026-03-18T08:14:29.831+0000] {subprocess.py:106} INFO - 26/03/18 08:14:29 INFO BlockManagerInfo: Added broadcast_1_piece0 in memory on 10.255.255.254:40469 (size: 6.0 KiB, free: 434.4 MiB)
[2026-03-18T08:14:29.832+0000] {subprocess.py:106} INFO - 26/03/18 08:14:29 INFO SparkContext: Created broadcast 1 from broadcast at DAGScheduler.scala:1535
[2026-03-18T08:14:29.855+0000] {subprocess.py:106} INFO - 26/03/18 08:14:29 INFO DAGScheduler: Submitting 1 missing tasks from ResultStage 0 (MapPartitionsRDD[3] at csv at NativeMethodAccessorImpl.java:0) (first 15 tasks are for partitions Vector(0))
[2026-03-18T08:14:29.857+0000] {subprocess.py:106} INFO - 26/03/18 08:14:29 INFO TaskSchedulerImpl: Adding task set 0.0 with 1 tasks resource profile 0
[2026-03-18T08:14:29.955+0000] {subprocess.py:106} INFO - 26/03/18 08:14:29 INFO TaskSetManager: Starting task 0.0 in stage 0.0 (TID 0) (10.255.255.254, executor driver, partition 0, PROCESS_LOCAL, 7962 bytes)
[2026-03-18T08:14:29.979+0000] {subprocess.py:106} INFO - 26/03/18 08:14:29 INFO Executor: Running task 0.0 in stage 0.0 (TID 0)
[2026-03-18T08:14:30.136+0000] {subprocess.py:106} INFO - 26/03/18 08:14:30 INFO FileScanRDD: Reading File path: file:///home/komal/data-engineering-projects/airflow-spark-pipeline/input/data.csv, range: 0-34, partition values: [empty row]
[2026-03-18T08:14:30.175+0000] {subprocess.py:106} INFO - 26/03/18 08:14:30 INFO CodeGenerator: Code generated in 28.948085 ms
[2026-03-18T08:14:30.258+0000] {subprocess.py:106} INFO - 26/03/18 08:14:30 INFO Executor: Finished task 0.0 in stage 0.0 (TID 0). 1620 bytes result sent to driver
[2026-03-18T08:14:30.275+0000] {subprocess.py:106} INFO - 26/03/18 08:14:30 INFO TaskSetManager: Finished task 0.0 in stage 0.0 (TID 0) in 335 ms on 10.255.255.254 (executor driver) (1/1)
[2026-03-18T08:14:30.279+0000] {subprocess.py:106} INFO - 26/03/18 08:14:30 INFO TaskSchedulerImpl: Removed TaskSet 0.0, whose tasks have all completed, from pool
[2026-03-18T08:14:30.288+0000] {subprocess.py:106} INFO - 26/03/18 08:14:30 INFO DAGScheduler: ResultStage 0 (csv at NativeMethodAccessorImpl.java:0) finished in 0.546 s
[2026-03-18T08:14:30.293+0000] {subprocess.py:106} INFO - 26/03/18 08:14:30 INFO DAGScheduler: Job 0 is finished. Cancelling potential speculative or zombie tasks for this job
[2026-03-18T08:14:30.293+0000] {subprocess.py:106} INFO - 26/03/18 08:14:30 INFO TaskSchedulerImpl: Killing all running tasks in stage 0: Stage finished
[2026-03-18T08:14:30.297+0000] {subprocess.py:106} INFO - 26/03/18 08:14:30 INFO DAGScheduler: Job 0 finished: csv at NativeMethodAccessorImpl.java:0, took 0.611935 s
[2026-03-18T08:14:30.340+0000] {subprocess.py:106} INFO - 26/03/18 08:14:30 INFO CodeGenerator: Code generated in 23.724909 ms
[2026-03-18T08:14:30.416+0000] {subprocess.py:106} INFO - 26/03/18 08:14:30 INFO FileSourceStrategy: Pushed Filters:
[2026-03-18T08:14:30.416+0000] {subprocess.py:106} INFO - 26/03/18 08:14:30 INFO FileSourceStrategy: Post-Scan Filters:
[2026-03-18T08:14:30.430+0000] {subprocess.py:106} INFO - 26/03/18 08:14:30 INFO MemoryStore: Block broadcast_2 stored as values in memory (estimated size 199.6 KiB, free 434.0 MiB)
[2026-03-18T08:14:30.445+0000] {subprocess.py:106} INFO - 26/03/18 08:14:30 INFO MemoryStore: Block broadcast_2_piece0 stored as bytes in memory (estimated size 34.3 KiB, free 433.9 MiB)
[2026-03-18T08:14:30.448+0000] {subprocess.py:106} INFO - 26/03/18 08:14:30 INFO BlockManagerInfo: Added broadcast_2_piece0 in memory on 10.255.255.254:40469 (size: 34.3 KiB, free: 434.3 MiB)
[2026-03-18T08:14:30.450+0000] {subprocess.py:106} INFO - 26/03/18 08:14:30 INFO SparkContext: Created broadcast 2 from csv at NativeMethodAccessorImpl.java:0
[2026-03-18T08:14:30.452+0000] {subprocess.py:106} INFO - 26/03/18 08:14:30 INFO FileSourceScanExec: Planning scan with bin packing, max size: 4194304 bytes, open cost is considered as scanning 4194304 bytes.
[2026-03-18T08:14:30.558+0000] {subprocess.py:106} INFO - 26/03/18 08:14:30 INFO SparkContext: Starting job: csv at NativeMethodAccessorImpl.java:0
[2026-03-18T08:14:30.561+0000] {subprocess.py:106} INFO - 26/03/18 08:14:30 INFO DAGScheduler: Got job 1 (csv at NativeMethodAccessorImpl.java:0) with 1 output partitions
[2026-03-18T08:14:30.562+0000] {subprocess.py:106} INFO - 26/03/18 08:14:30 INFO DAGScheduler: Final stage: ResultStage 1 (csv at NativeMethodAccessorImpl.java:0)
[2026-03-18T08:14:30.562+0000] {subprocess.py:106} INFO - 26/03/18 08:14:30 INFO DAGScheduler: Parents of final stage: List()
[2026-03-18T08:14:30.562+0000] {subprocess.py:106} INFO - 26/03/18 08:14:30 INFO DAGScheduler: Missing parents: List()
[2026-03-18T08:14:30.563+0000] {subprocess.py:106} INFO - 26/03/18 08:14:30 INFO DAGScheduler: Submitting ResultStage 1 (MapPartitionsRDD[9] at csv at NativeMethodAccessorImpl.java:0), which has no missing parents
[2026-03-18T08:14:30.623+0000] {subprocess.py:106} INFO - 26/03/18 08:14:30 INFO MemoryStore: Block broadcast_3 stored as values in memory (estimated size 26.1 KiB, free 433.9 MiB)
[2026-03-18T08:14:30.638+0000] {subprocess.py:106} INFO - 26/03/18 08:14:30 INFO MemoryStore: Block broadcast_3_piece0 stored as bytes in memory (estimated size 12.2 KiB, free 433.9 MiB)
[2026-03-18T08:14:30.639+0000] {subprocess.py:106} INFO - 26/03/18 08:14:30 INFO BlockManagerInfo: Added broadcast_3_piece0 in memory on 10.255.255.254:40469 (size: 12.2 KiB, free: 434.3 MiB)
[2026-03-18T08:14:30.641+0000] {subprocess.py:106} INFO - 26/03/18 08:14:30 INFO SparkContext: Created broadcast 3 from broadcast at DAGScheduler.scala:1535
[2026-03-18T08:14:30.643+0000] {subprocess.py:106} INFO - 26/03/18 08:14:30 INFO DAGScheduler: Submitting 1 missing tasks from ResultStage 1 (MapPartitionsRDD[9] at csv at NativeMethodAccessorImpl.java:0) (first 15 tasks are for partitions Vector(0))
[2026-03-18T08:14:30.644+0000] {subprocess.py:106} INFO - 26/03/18 08:14:30 INFO TaskSchedulerImpl: Adding task set 1.0 with 1 tasks resource profile 0
[2026-03-18T08:14:30.646+0000] {subprocess.py:106} INFO - 26/03/18 08:14:30 INFO TaskSetManager: Starting task 0.0 in stage 1.0 (TID 1) (10.255.255.254, executor driver, partition 0, PROCESS_LOCAL, 7962 bytes)
[2026-03-18T08:14:30.647+0000] {subprocess.py:106} INFO - 26/03/18 08:14:30 INFO Executor: Running task 0.0 in stage 1.0 (TID 1)
[2026-03-18T08:14:30.671+0000] {subprocess.py:106} INFO - 26/03/18 08:14:30 INFO BlockManagerInfo: Removed broadcast_1_piece0 on 10.255.255.254:40469 in memory (size: 6.0 KiB, free: 434.3 MiB)
[2026-03-18T08:14:30.702+0000] {subprocess.py:106} INFO - 26/03/18 08:14:30 INFO FileScanRDD: Reading File path: file:///home/komal/data-engineering-projects/airflow-spark-pipeline/input/data.csv, range: 0-34, partition values: [empty row]
[2026-03-18T08:14:30.737+0000] {subprocess.py:106} INFO - 26/03/18 08:14:30 INFO Executor: Finished task 0.0 in stage 1.0 (TID 1). 1568 bytes result sent to driver
[2026-03-18T08:14:30.740+0000] {subprocess.py:106} INFO - 26/03/18 08:14:30 INFO TaskSetManager: Finished task 0.0 in stage 1.0 (TID 1) in 94 ms on 10.255.255.254 (executor driver) (1/1)
[2026-03-18T08:14:30.740+0000] {subprocess.py:106} INFO - 26/03/18 08:14:30 INFO TaskSchedulerImpl: Removed TaskSet 1.0, whose tasks have all completed, from pool
[2026-03-18T08:14:30.742+0000] {subprocess.py:106} INFO - 26/03/18 08:14:30 INFO DAGScheduler: ResultStage 1 (csv at NativeMethodAccessorImpl.java:0) finished in 0.174 s
[2026-03-18T08:14:30.742+0000] {subprocess.py:106} INFO - 26/03/18 08:14:30 INFO DAGScheduler: Job 1 is finished. Cancelling potential speculative or zombie tasks for this job
[2026-03-18T08:14:30.742+0000] {subprocess.py:106} INFO - 26/03/18 08:14:30 INFO TaskSchedulerImpl: Killing all running tasks in stage 1: Stage finished
[2026-03-18T08:14:30.744+0000] {subprocess.py:106} INFO - 26/03/18 08:14:30 INFO DAGScheduler: Job 1 finished: csv at NativeMethodAccessorImpl.java:0, took 0.185647 s
[2026-03-18T08:14:30.909+0000] {subprocess.py:106} INFO - 26/03/18 08:14:30 INFO FileSourceStrategy: Pushed Filters: IsNotNull(age),GreaterThan(age,20)
[2026-03-18T08:14:30.909+0000] {subprocess.py:106} INFO - 26/03/18 08:14:30 INFO FileSourceStrategy: Post-Scan Filters: isnotnull(age#18),atleastnnonnulls(2, name#17, age#18),(age#18 > 20)
[2026-03-18T08:14:30.975+0000] {subprocess.py:106} INFO - 26/03/18 08:14:30 INFO ParquetUtils: Using default output committer for Parquet: org.apache.parquet.hadoop.ParquetOutputCommitter
[2026-03-18T08:14:30.991+0000] {subprocess.py:106} INFO - 26/03/18 08:14:30 INFO FileOutputCommitter: File Output Committer Algorithm version is 1
[2026-03-18T08:14:30.991+0000] {subprocess.py:106} INFO - 26/03/18 08:14:30 INFO FileOutputCommitter: FileOutputCommitter skip cleanup _temporary folders under output directory:false, ignore cleanup failures: false
[2026-03-18T08:14:30.993+0000] {subprocess.py:106} INFO - 26/03/18 08:14:30 INFO SQLHadoopMapReduceCommitProtocol: Using user defined output committer class org.apache.parquet.hadoop.ParquetOutputCommitter
[2026-03-18T08:14:30.994+0000] {subprocess.py:106} INFO - 26/03/18 08:14:30 INFO FileOutputCommitter: File Output Committer Algorithm version is 1
[2026-03-18T08:14:30.994+0000] {subprocess.py:106} INFO - 26/03/18 08:14:30 INFO FileOutputCommitter: FileOutputCommitter skip cleanup _temporary folders under output directory:false, ignore cleanup failures: false
[2026-03-18T08:14:30.995+0000] {subprocess.py:106} INFO - 26/03/18 08:14:30 INFO SQLHadoopMapReduceCommitProtocol: Using output committer class org.apache.parquet.hadoop.ParquetOutputCommitter
[2026-03-18T08:14:31.073+0000] {subprocess.py:106} INFO - 26/03/18 08:14:31 INFO CodeGenerator: Code generated in 24.465519 ms
[2026-03-18T08:14:31.080+0000] {subprocess.py:106} INFO - 26/03/18 08:14:31 INFO MemoryStore: Block broadcast_4 stored as values in memory (estimated size 199.5 KiB, free 433.7 MiB)
[2026-03-18T08:14:31.098+0000] {subprocess.py:106} INFO - 26/03/18 08:14:31 INFO BlockManagerInfo: Removed broadcast_3_piece0 on 10.255.255.254:40469 in memory (size: 12.2 KiB, free: 434.3 MiB)
[2026-03-18T08:14:31.105+0000] {subprocess.py:106} INFO - 26/03/18 08:14:31 INFO MemoryStore: Block broadcast_4_piece0 stored as bytes in memory (estimated size 34.3 KiB, free 433.7 MiB)
[2026-03-18T08:14:31.108+0000] {subprocess.py:106} INFO - 26/03/18 08:14:31 INFO BlockManagerInfo: Added broadcast_4_piece0 in memory on 10.255.255.254:40469 (size: 34.3 KiB, free: 434.3 MiB)
[2026-03-18T08:14:31.110+0000] {subprocess.py:106} INFO - 26/03/18 08:14:31 INFO SparkContext: Created broadcast 4 from parquet at NativeMethodAccessorImpl.java:0
[2026-03-18T08:14:31.121+0000] {subprocess.py:106} INFO - 26/03/18 08:14:31 INFO FileSourceScanExec: Planning scan with bin packing, max size: 4194304 bytes, open cost is considered as scanning 4194304 bytes.
[2026-03-18T08:14:31.144+0000] {subprocess.py:106} INFO - 26/03/18 08:14:31 INFO SparkContext: Starting job: parquet at NativeMethodAccessorImpl.java:0
[2026-03-18T08:14:31.146+0000] {subprocess.py:106} INFO - 26/03/18 08:14:31 INFO DAGScheduler: Got job 2 (parquet at NativeMethodAccessorImpl.java:0) with 1 output partitions
[2026-03-18T08:14:31.146+0000] {subprocess.py:106} INFO - 26/03/18 08:14:31 INFO DAGScheduler: Final stage: ResultStage 2 (parquet at NativeMethodAccessorImpl.java:0)
[2026-03-18T08:14:31.147+0000] {subprocess.py:106} INFO - 26/03/18 08:14:31 INFO DAGScheduler: Parents of final stage: List()
[2026-03-18T08:14:31.148+0000] {subprocess.py:106} INFO - 26/03/18 08:14:31 INFO DAGScheduler: Missing parents: List()
[2026-03-18T08:14:31.150+0000] {subprocess.py:106} INFO - 26/03/18 08:14:31 INFO DAGScheduler: Submitting ResultStage 2 (MapPartitionsRDD[13] at parquet at NativeMethodAccessorImpl.java:0), which has no missing parents
[2026-03-18T08:14:31.188+0000] {subprocess.py:106} INFO - 26/03/18 08:14:31 INFO MemoryStore: Block broadcast_5 stored as values in memory (estimated size 215.2 KiB, free 433.5 MiB)
[2026-03-18T08:14:31.193+0000] {subprocess.py:106} INFO - 26/03/18 08:14:31 INFO MemoryStore: Block broadcast_5_piece0 stored as bytes in memory (estimated size 77.9 KiB, free 433.4 MiB)
[2026-03-18T08:14:31.196+0000] {subprocess.py:106} INFO - 26/03/18 08:14:31 INFO BlockManagerInfo: Added broadcast_5_piece0 in memory on 10.255.255.254:40469 (size: 77.9 KiB, free: 434.2 MiB)
[2026-03-18T08:14:31.198+0000] {subprocess.py:106} INFO - 26/03/18 08:14:31 INFO SparkContext: Created broadcast 5 from broadcast at DAGScheduler.scala:1535
[2026-03-18T08:14:31.200+0000] {subprocess.py:106} INFO - 26/03/18 08:14:31 INFO DAGScheduler: Submitting 1 missing tasks from ResultStage 2 (MapPartitionsRDD[13] at parquet at NativeMethodAccessorImpl.java:0) (first 15 tasks are for partitions Vector(0))
[2026-03-18T08:14:31.200+0000] {subprocess.py:106} INFO - 26/03/18 08:14:31 INFO TaskSchedulerImpl: Adding task set 2.0 with 1 tasks resource profile 0
[2026-03-18T08:14:31.203+0000] {subprocess.py:106} INFO - 26/03/18 08:14:31 INFO TaskSetManager: Starting task 0.0 in stage 2.0 (TID 2) (10.255.255.254, executor driver, partition 0, PROCESS_LOCAL, 7962 bytes)
[2026-03-18T08:14:31.205+0000] {subprocess.py:106} INFO - 26/03/18 08:14:31 INFO Executor: Running task 0.0 in stage 2.0 (TID 2)
[2026-03-18T08:14:31.269+0000] {subprocess.py:106} INFO - 26/03/18 08:14:31 INFO FileOutputCommitter: File Output Committer Algorithm version is 1
[2026-03-18T08:14:31.270+0000] {subprocess.py:106} INFO - 26/03/18 08:14:31 INFO FileOutputCommitter: FileOutputCommitter skip cleanup _temporary folders under output directory:false, ignore cleanup failures: false
[2026-03-18T08:14:31.270+0000] {subprocess.py:106} INFO - 26/03/18 08:14:31 INFO SQLHadoopMapReduceCommitProtocol: Using user defined output committer class org.apache.parquet.hadoop.ParquetOutputCommitter
[2026-03-18T08:14:31.270+0000] {subprocess.py:106} INFO - 26/03/18 08:14:31 INFO FileOutputCommitter: File Output Committer Algorithm version is 1
[2026-03-18T08:14:31.270+0000] {subprocess.py:106} INFO - 26/03/18 08:14:31 INFO FileOutputCommitter: FileOutputCommitter skip cleanup _temporary folders under output directory:false, ignore cleanup failures: false
[2026-03-18T08:14:31.270+0000] {subprocess.py:106} INFO - 26/03/18 08:14:31 INFO SQLHadoopMapReduceCommitProtocol: Using output committer class org.apache.parquet.hadoop.ParquetOutputCommitter
[2026-03-18T08:14:31.279+0000] {subprocess.py:106} INFO - 26/03/18 08:14:31 INFO CodecConfig: Compression: SNAPPY
[2026-03-18T08:14:31.282+0000] {subprocess.py:106} INFO - 26/03/18 08:14:31 INFO CodecConfig: Compression: SNAPPY
[2026-03-18T08:14:31.304+0000] {subprocess.py:106} INFO - 26/03/18 08:14:31 INFO ParquetOutputFormat: ParquetRecordWriter [block size: 134217728b, row group padding size: 8388608b, validating: false]
[2026-03-18T08:14:31.336+0000] {subprocess.py:106} INFO - 26/03/18 08:14:31 INFO ParquetWriteSupport: Initialized Parquet WriteSupport with Catalyst schema:
[2026-03-18T08:14:31.337+0000] {subprocess.py:106} INFO - {
[2026-03-18T08:14:31.337+0000] {subprocess.py:106} INFO -   "type" : "struct",
[2026-03-18T08:14:31.337+0000] {subprocess.py:106} INFO -   "fields" : [ {
[2026-03-18T08:14:31.338+0000] {subprocess.py:106} INFO -     "name" : "name",
[2026-03-18T08:14:31.338+0000] {subprocess.py:106} INFO -     "type" : "string",
[2026-03-18T08:14:31.338+0000] {subprocess.py:106} INFO -     "nullable" : true,
[2026-03-18T08:14:31.338+0000] {subprocess.py:106} INFO -     "metadata" : { }
[2026-03-18T08:14:31.338+0000] {subprocess.py:106} INFO -   }, {
[2026-03-18T08:14:31.338+0000] {subprocess.py:106} INFO -     "name" : "age",
[2026-03-18T08:14:31.338+0000] {subprocess.py:106} INFO -     "type" : "integer",
[2026-03-18T08:14:31.338+0000] {subprocess.py:106} INFO -     "nullable" : true,
[2026-03-18T08:14:31.338+0000] {subprocess.py:106} INFO -     "metadata" : { }
[2026-03-18T08:14:31.339+0000] {subprocess.py:106} INFO -   } ]
[2026-03-18T08:14:31.339+0000] {subprocess.py:106} INFO - }
[2026-03-18T08:14:31.339+0000] {subprocess.py:106} INFO - and corresponding Parquet message type:
[2026-03-18T08:14:31.339+0000] {subprocess.py:106} INFO - message spark_schema {
[2026-03-18T08:14:31.339+0000] {subprocess.py:106} INFO -   optional binary name (STRING);
[2026-03-18T08:14:31.339+0000] {subprocess.py:106} INFO -   optional int32 age;
[2026-03-18T08:14:31.339+0000] {subprocess.py:106} INFO - }
[2026-03-18T08:14:31.339+0000] {subprocess.py:106} INFO - 
[2026-03-18T08:14:31.339+0000] {subprocess.py:106} INFO - 
[2026-03-18T08:14:31.444+0000] {subprocess.py:106} INFO - 26/03/18 08:14:31 INFO CodecPool: Got brand-new compressor [.snappy]
[2026-03-18T08:14:31.638+0000] {subprocess.py:106} INFO - 26/03/18 08:14:31 INFO FileScanRDD: Reading File path: file:///home/komal/data-engineering-projects/airflow-spark-pipeline/input/data.csv, range: 0-34, partition values: [empty row]
[2026-03-18T08:14:31.662+0000] {subprocess.py:106} INFO - 26/03/18 08:14:31 INFO CodeGenerator: Code generated in 19.804841 ms
[2026-03-18T08:14:31.707+0000] {subprocess.py:106} INFO - 26/03/18 08:14:31 INFO CodeGenerator: Code generated in 10.975864 ms
[2026-03-18T08:14:32.016+0000] {subprocess.py:106} INFO - 26/03/18 08:14:32 INFO FileOutputCommitter: Saved output of task 'attempt_202603180814318155818472385833455_0002_m_000000_2' to file:/tmp/airflowtmplu8j5zlu/output/processed_data/_temporary/0/task_202603180814318155818472385833455_0002_m_000000
[2026-03-18T08:14:32.017+0000] {subprocess.py:106} INFO - 26/03/18 08:14:32 INFO SparkHadoopMapRedUtil: attempt_202603180814318155818472385833455_0002_m_000000_2: Committed. Elapsed time: 1 ms.
[2026-03-18T08:14:32.031+0000] {subprocess.py:106} INFO - 26/03/18 08:14:32 INFO Executor: Finished task 0.0 in stage 2.0 (TID 2). 2669 bytes result sent to driver
[2026-03-18T08:14:32.035+0000] {subprocess.py:106} INFO - 26/03/18 08:14:32 INFO TaskSetManager: Finished task 0.0 in stage 2.0 (TID 2) in 832 ms on 10.255.255.254 (executor driver) (1/1)
[2026-03-18T08:14:32.035+0000] {subprocess.py:106} INFO - 26/03/18 08:14:32 INFO TaskSchedulerImpl: Removed TaskSet 2.0, whose tasks have all completed, from pool
[2026-03-18T08:14:32.037+0000] {subprocess.py:106} INFO - 26/03/18 08:14:32 INFO DAGScheduler: ResultStage 2 (parquet at NativeMethodAccessorImpl.java:0) finished in 0.885 s
[2026-03-18T08:14:32.037+0000] {subprocess.py:106} INFO - 26/03/18 08:14:32 INFO DAGScheduler: Job 2 is finished. Cancelling potential speculative or zombie tasks for this job
[2026-03-18T08:14:32.037+0000] {subprocess.py:106} INFO - 26/03/18 08:14:32 INFO TaskSchedulerImpl: Killing all running tasks in stage 2: Stage finished
[2026-03-18T08:14:32.039+0000] {subprocess.py:106} INFO - 26/03/18 08:14:32 INFO DAGScheduler: Job 2 finished: parquet at NativeMethodAccessorImpl.java:0, took 0.894882 s
[2026-03-18T08:14:32.041+0000] {subprocess.py:106} INFO - 26/03/18 08:14:32 INFO FileFormatWriter: Start to commit write Job 4e6f134a-a2f0-4824-99db-5d8cd2155d81.
[2026-03-18T08:14:32.064+0000] {subprocess.py:106} INFO - 26/03/18 08:14:32 INFO FileFormatWriter: Write Job 4e6f134a-a2f0-4824-99db-5d8cd2155d81 committed. Elapsed time: 21 ms.
[2026-03-18T08:14:32.068+0000] {subprocess.py:106} INFO - 26/03/18 08:14:32 INFO FileFormatWriter: Finished processing stats for write job 4e6f134a-a2f0-4824-99db-5d8cd2155d81.
[2026-03-18T08:14:32.141+0000] {subprocess.py:106} INFO - 26/03/18 08:14:32 INFO FileSourceStrategy: Pushed Filters: IsNotNull(age),GreaterThan(age,20)
[2026-03-18T08:14:32.141+0000] {subprocess.py:106} INFO - 26/03/18 08:14:32 INFO FileSourceStrategy: Post-Scan Filters: isnotnull(age#18),atleastnnonnulls(2, name#17, age#18),(age#18 > 20)
[2026-03-18T08:14:32.226+0000] {subprocess.py:106} INFO - 26/03/18 08:14:32 INFO CodeGenerator: Code generated in 36.576107 ms
[2026-03-18T08:14:32.231+0000] {subprocess.py:106} INFO - 26/03/18 08:14:32 INFO MemoryStore: Block broadcast_6 stored as values in memory (estimated size 199.5 KiB, free 433.2 MiB)
[2026-03-18T08:14:32.245+0000] {subprocess.py:106} INFO - 26/03/18 08:14:32 INFO MemoryStore: Block broadcast_6_piece0 stored as bytes in memory (estimated size 34.3 KiB, free 433.2 MiB)
[2026-03-18T08:14:32.247+0000] {subprocess.py:106} INFO - 26/03/18 08:14:32 INFO BlockManagerInfo: Added broadcast_6_piece0 in memory on 10.255.255.254:40469 (size: 34.3 KiB, free: 434.2 MiB)
[2026-03-18T08:14:32.249+0000] {subprocess.py:106} INFO - 26/03/18 08:14:32 INFO SparkContext: Created broadcast 6 from showString at NativeMethodAccessorImpl.java:0
[2026-03-18T08:14:32.252+0000] {subprocess.py:106} INFO - 26/03/18 08:14:32 INFO FileSourceScanExec: Planning scan with bin packing, max size: 4194304 bytes, open cost is considered as scanning 4194304 bytes.
[2026-03-18T08:14:32.273+0000] {subprocess.py:106} INFO - 26/03/18 08:14:32 INFO SparkContext: Starting job: showString at NativeMethodAccessorImpl.java:0
[2026-03-18T08:14:32.275+0000] {subprocess.py:106} INFO - 26/03/18 08:14:32 INFO DAGScheduler: Got job 3 (showString at NativeMethodAccessorImpl.java:0) with 1 output partitions
[2026-03-18T08:14:32.276+0000] {subprocess.py:106} INFO - 26/03/18 08:14:32 INFO DAGScheduler: Final stage: ResultStage 3 (showString at NativeMethodAccessorImpl.java:0)
[2026-03-18T08:14:32.276+0000] {subprocess.py:106} INFO - 26/03/18 08:14:32 INFO DAGScheduler: Parents of final stage: List()
[2026-03-18T08:14:32.277+0000] {subprocess.py:106} INFO - 26/03/18 08:14:32 INFO DAGScheduler: Missing parents: List()
[2026-03-18T08:14:32.278+0000] {subprocess.py:106} INFO - 26/03/18 08:14:32 INFO DAGScheduler: Submitting ResultStage 3 (MapPartitionsRDD[17] at showString at NativeMethodAccessorImpl.java:0), which has no missing parents
[2026-03-18T08:14:32.282+0000] {subprocess.py:106} INFO - 26/03/18 08:14:32 INFO MemoryStore: Block broadcast_7 stored as values in memory (estimated size 14.9 KiB, free 433.2 MiB)
[2026-03-18T08:14:32.296+0000] {subprocess.py:106} INFO - 26/03/18 08:14:32 INFO BlockManagerInfo: Removed broadcast_4_piece0 on 10.255.255.254:40469 in memory (size: 34.3 KiB, free: 434.2 MiB)
[2026-03-18T08:14:32.297+0000] {subprocess.py:106} INFO - 26/03/18 08:14:32 INFO MemoryStore: Block broadcast_7_piece0 stored as bytes in memory (estimated size 7.5 KiB, free 433.2 MiB)
[2026-03-18T08:14:32.299+0000] {subprocess.py:106} INFO - 26/03/18 08:14:32 INFO BlockManagerInfo: Added broadcast_7_piece0 in memory on 10.255.255.254:40469 (size: 7.5 KiB, free: 434.2 MiB)
[2026-03-18T08:14:32.301+0000] {subprocess.py:106} INFO - 26/03/18 08:14:32 INFO SparkContext: Created broadcast 7 from broadcast at DAGScheduler.scala:1535
[2026-03-18T08:14:32.303+0000] {subprocess.py:106} INFO - 26/03/18 08:14:32 INFO DAGScheduler: Submitting 1 missing tasks from ResultStage 3 (MapPartitionsRDD[17] at showString at NativeMethodAccessorImpl.java:0) (first 15 tasks are for partitions Vector(0))
[2026-03-18T08:14:32.303+0000] {subprocess.py:106} INFO - 26/03/18 08:14:32 INFO TaskSchedulerImpl: Adding task set 3.0 with 1 tasks resource profile 0
[2026-03-18T08:14:32.306+0000] {subprocess.py:106} INFO - 26/03/18 08:14:32 INFO TaskSetManager: Starting task 0.0 in stage 3.0 (TID 3) (10.255.255.254, executor driver, partition 0, PROCESS_LOCAL, 7962 bytes)
[2026-03-18T08:14:32.307+0000] {subprocess.py:106} INFO - 26/03/18 08:14:32 INFO Executor: Running task 0.0 in stage 3.0 (TID 3)
[2026-03-18T08:14:32.309+0000] {subprocess.py:106} INFO - 26/03/18 08:14:32 INFO BlockManagerInfo: Removed broadcast_5_piece0 on 10.255.255.254:40469 in memory (size: 77.9 KiB, free: 434.3 MiB)
[2026-03-18T08:14:32.319+0000] {subprocess.py:106} INFO - 26/03/18 08:14:32 INFO FileScanRDD: Reading File path: file:///home/komal/data-engineering-projects/airflow-spark-pipeline/input/data.csv, range: 0-34, partition values: [empty row]
[2026-03-18T08:14:32.356+0000] {subprocess.py:106} INFO - 26/03/18 08:14:32 INFO Executor: Finished task 0.0 in stage 3.0 (TID 3). 1698 bytes result sent to driver
[2026-03-18T08:14:32.361+0000] {subprocess.py:106} INFO - 26/03/18 08:14:32 INFO TaskSetManager: Finished task 0.0 in stage 3.0 (TID 3) in 56 ms on 10.255.255.254 (executor driver) (1/1)
[2026-03-18T08:14:32.362+0000] {subprocess.py:106} INFO - 26/03/18 08:14:32 INFO TaskSchedulerImpl: Removed TaskSet 3.0, whose tasks have all completed, from pool
[2026-03-18T08:14:32.364+0000] {subprocess.py:106} INFO - 26/03/18 08:14:32 INFO DAGScheduler: ResultStage 3 (showString at NativeMethodAccessorImpl.java:0) finished in 0.085 s
[2026-03-18T08:14:32.364+0000] {subprocess.py:106} INFO - 26/03/18 08:14:32 INFO DAGScheduler: Job 3 is finished. Cancelling potential speculative or zombie tasks for this job
[2026-03-18T08:14:32.365+0000] {subprocess.py:106} INFO - 26/03/18 08:14:32 INFO TaskSchedulerImpl: Killing all running tasks in stage 3: Stage finished
[2026-03-18T08:14:32.365+0000] {subprocess.py:106} INFO - 26/03/18 08:14:32 INFO DAGScheduler: Job 3 finished: showString at NativeMethodAccessorImpl.java:0, took 0.092199 s
[2026-03-18T08:14:32.390+0000] {subprocess.py:106} INFO - 26/03/18 08:14:32 INFO CodeGenerator: Code generated in 18.288304 ms
[2026-03-18T08:14:32.397+0000] {subprocess.py:106} INFO - +-----+---+
[2026-03-18T08:14:32.398+0000] {subprocess.py:106} INFO - | name|age|
[2026-03-18T08:14:32.398+0000] {subprocess.py:106} INFO - +-----+---+
[2026-03-18T08:14:32.399+0000] {subprocess.py:106} INFO - |Komal| 25|
[2026-03-18T08:14:32.399+0000] {subprocess.py:106} INFO - | Riya| 30|
[2026-03-18T08:14:32.399+0000] {subprocess.py:106} INFO - +-----+---+
[2026-03-18T08:14:32.399+0000] {subprocess.py:106} INFO - 
[2026-03-18T08:14:32.399+0000] {subprocess.py:106} INFO - 26/03/18 08:14:32 INFO SparkContext: SparkContext is stopping with exitCode 0.
[2026-03-18T08:14:32.421+0000] {subprocess.py:106} INFO - 26/03/18 08:14:32 INFO SparkUI: Stopped Spark web UI at http://10.255.255.254:4040
[2026-03-18T08:14:32.439+0000] {subprocess.py:106} INFO - 26/03/18 08:14:32 INFO MapOutputTrackerMasterEndpoint: MapOutputTrackerMasterEndpoint stopped!
[2026-03-18T08:14:32.465+0000] {subprocess.py:106} INFO - 26/03/18 08:14:32 INFO MemoryStore: MemoryStore cleared
[2026-03-18T08:14:32.466+0000] {subprocess.py:106} INFO - 26/03/18 08:14:32 INFO BlockManager: BlockManager stopped
[2026-03-18T08:14:32.472+0000] {subprocess.py:106} INFO - 26/03/18 08:14:32 INFO BlockManagerMaster: BlockManagerMaster stopped
[2026-03-18T08:14:32.476+0000] {subprocess.py:106} INFO - 26/03/18 08:14:32 INFO OutputCommitCoordinator$OutputCommitCoordinatorEndpoint: OutputCommitCoordinator stopped!
[2026-03-18T08:14:32.496+0000] {subprocess.py:106} INFO - 26/03/18 08:14:32 INFO SparkContext: Successfully stopped SparkContext
[2026-03-18T08:14:32.799+0000] {subprocess.py:106} INFO - 26/03/18 08:14:32 INFO ShutdownHookManager: Shutdown hook called
[2026-03-18T08:14:32.801+0000] {subprocess.py:106} INFO - 26/03/18 08:14:32 INFO ShutdownHookManager: Deleting directory /tmp/spark-d910eab6-fe31-4e79-a220-543f52ed8841
[2026-03-18T08:14:32.807+0000] {subprocess.py:106} INFO - 26/03/18 08:14:32 INFO ShutdownHookManager: Deleting directory /tmp/spark-cd75da45-e6bd-4fd9-9e42-30313eeaced8
[2026-03-18T08:14:32.813+0000] {subprocess.py:106} INFO - 26/03/18 08:14:32 INFO ShutdownHookManager: Deleting directory /tmp/spark-cd75da45-e6bd-4fd9-9e42-30313eeaced8/pyspark-e345bb4a-8974-4460-8b60-e828cafbc927
[2026-03-18T08:14:32.888+0000] {subprocess.py:110} INFO - Command exited with return code 0
[2026-03-18T08:14:32.917+0000] {taskinstance.py:349} INFO - ::group::Post task execution logs
[2026-03-18T08:14:32.918+0000] {taskinstance.py:361} INFO - Marking task as SUCCESS. dag_id=spark_dag, task_id=run_spark_job, run_id=manual__2026-03-18T08:14:14.006436+00:00, execution_date=20260318T081414, start_date=20260318T081418, end_date=20260318T081432
[2026-03-18T08:14:32.959+0000] {logging_mixin.py:190} INFO - Task instance in success state
[2026-03-18T08:14:32.960+0000] {logging_mixin.py:190} INFO -  Previous state of the Task instance: running
[2026-03-18T08:14:32.960+0000] {logging_mixin.py:190} INFO - Dag name:spark_dag queued_at:2026-03-18 08:14:14.027611+00:00
[2026-03-18T08:14:32.960+0000] {logging_mixin.py:190} INFO - Task hostname:Komal.localdomain operator:BashOperator
[2026-03-18T08:14:33.003+0000] {local_task_job_runner.py:266} INFO - Task exited with return code 0
[2026-03-18T08:14:33.018+0000] {taskinstance.py:3924} INFO - 0 downstream tasks scheduled from follow-on schedule check
[2026-03-18T08:14:33.018+0000] {local_task_job_runner.py:245} INFO - ::endgroup::
