[2026-03-18T07:34:36.598+0000] {local_task_job_runner.py:123} INFO - ::group::Pre task execution logs
[2026-03-18T07:34:36.611+0000] {taskinstance.py:2631} INFO - Dependencies all met for dep_context=non-requeueable deps ti=<TaskInstance: spark_dag.run_spark_job manual__2026-03-18T07:34:31.847028+00:00 [queued]>
[2026-03-18T07:34:36.617+0000] {taskinstance.py:2631} INFO - Dependencies all met for dep_context=requeueable deps ti=<TaskInstance: spark_dag.run_spark_job manual__2026-03-18T07:34:31.847028+00:00 [queued]>
[2026-03-18T07:34:36.617+0000] {taskinstance.py:2884} INFO - Starting attempt 1 of 1
[2026-03-18T07:34:36.653+0000] {taskinstance.py:2907} INFO - Executing <Task(SparkSubmitOperator): run_spark_job> on 2026-03-18 07:34:31.847028+00:00
[2026-03-18T07:34:36.658+0000] {standard_task_runner.py:72} INFO - Started process 33208 to run task
[2026-03-18T07:34:36.665+0000] {standard_task_runner.py:104} INFO - Running: ['airflow', 'tasks', 'run', 'spark_dag', 'run_spark_job', 'manual__2026-03-18T07:34:31.847028+00:00', '--job-id', '24', '--raw', '--subdir', 'DAGS_FOLDER/spark_dag.py', '--cfg-path', '/tmp/tmpjz_cx6ly']
[2026-03-18T07:34:36.667+0000] {standard_task_runner.py:105} INFO - Job 24: Subtask run_spark_job
[2026-03-18T07:34:36.780+0000] {task_command.py:467} INFO - Running <TaskInstance: spark_dag.run_spark_job manual__2026-03-18T07:34:31.847028+00:00 [running]> on host Komal.localdomain
[2026-03-18T07:34:36.887+0000] {taskinstance.py:3157} INFO - Exporting env vars: AIRFLOW_CTX_DAG_OWNER='airflow' AIRFLOW_CTX_DAG_ID='spark_dag' AIRFLOW_CTX_TASK_ID='run_spark_job' AIRFLOW_CTX_EXECUTION_DATE='2026-03-18T07:34:31.847028+00:00' AIRFLOW_CTX_TRY_NUMBER='1' AIRFLOW_CTX_DAG_RUN_ID='manual__2026-03-18T07:34:31.847028+00:00'
[2026-03-18T07:34:36.889+0000] {logging_mixin.py:190} INFO - Task instance is in running state
[2026-03-18T07:34:36.890+0000] {logging_mixin.py:190} INFO -  Previous state of the Task instance: queued
[2026-03-18T07:34:36.890+0000] {logging_mixin.py:190} INFO - Current task name:run_spark_job state:running start_date:2026-03-18 07:34:36.612357+00:00
[2026-03-18T07:34:36.890+0000] {logging_mixin.py:190} INFO - Dag name:spark_dag and current dag run status:running
[2026-03-18T07:34:36.890+0000] {taskinstance.py:740} INFO - ::endgroup::
[2026-03-18T07:34:36.891+0000] {connection.py:531} ERROR - Unable to retrieve connection from secrets backend (EnvironmentVariablesBackend). Checking subsequent secrets backend.
Traceback (most recent call last):
  File "/home/komal/data-engineering-projects/airflow-spark-pipeline/airflow_venv/lib/python3.11/site-packages/airflow/models/connection.py", line 526, in get_connection_from_secrets
    conn = secrets_backend.get_connection(conn_id=conn_id)
           ^^^^^^^^^^^^^^^^^^^^^^^^^^^^^^^^^^^^^^^^^^^^^^^
  File "/home/komal/data-engineering-projects/airflow-spark-pipeline/airflow_venv/lib/python3.11/site-packages/airflow/secrets/base_secrets.py", line 96, in get_connection
    value = self.get_conn_value(conn_id=conn_id)
            ^^^^^^^^^^^^^^^^^^^^^^^^^^^^^^^^^^^^
  File "/home/komal/data-engineering-projects/airflow-spark-pipeline/airflow_venv/lib/python3.11/site-packages/airflow/secrets/environment_variables.py", line 52, in get_conn_value
    return os.environ.get(CONN_ENV_PREFIX + conn_id.upper())
                                            ^^^^^^^^^^^^^
AttributeError: 'NoneType' object has no attribute 'upper'
[2026-03-18T07:34:36.905+0000] {spark_submit.py:313} INFO - Could not load connection string None, defaulting to yarn
[2026-03-18T07:34:36.906+0000] {spark_submit.py:493} INFO - Spark-Submit cmd: /home/komal/spark/bin/spark-submit --master yarn --conf spark.master=local[*] --name arrow-spark --verbose /home/komal/data-engineering-projects/airflow-spark-pipeline/spark_jobs/sample_spark_job.py
[2026-03-18T07:34:38.833+0000] {spark_submit.py:663} INFO - Using properties file: null
[2026-03-18T07:34:38.962+0000] {spark_submit.py:663} INFO - 26/03/18 07:34:38 WARN Utils: Your hostname, Komal resolves to a loopback address: 127.0.1.1; using 10.255.255.254 instead (on interface lo)
[2026-03-18T07:34:38.966+0000] {spark_submit.py:663} INFO - 26/03/18 07:34:38 WARN Utils: Set SPARK_LOCAL_IP if you need to bind to another address
[2026-03-18T07:34:39.100+0000] {spark_submit.py:663} INFO - Exception in thread "main" org.apache.spark.SparkException: When running with master 'yarn' either HADOOP_CONF_DIR or YARN_CONF_DIR must be set in the environment.
[2026-03-18T07:34:39.101+0000] {spark_submit.py:663} INFO - at org.apache.spark.deploy.SparkSubmitArguments.error(SparkSubmitArguments.scala:650)
[2026-03-18T07:34:39.101+0000] {spark_submit.py:663} INFO - at org.apache.spark.deploy.SparkSubmitArguments.validateSubmitArguments(SparkSubmitArguments.scala:281)
[2026-03-18T07:34:39.102+0000] {spark_submit.py:663} INFO - at org.apache.spark.deploy.SparkSubmitArguments.validateArguments(SparkSubmitArguments.scala:237)
[2026-03-18T07:34:39.102+0000] {spark_submit.py:663} INFO - at org.apache.spark.deploy.SparkSubmitArguments.<init>(SparkSubmitArguments.scala:122)
[2026-03-18T07:34:39.102+0000] {spark_submit.py:663} INFO - at org.apache.spark.deploy.SparkSubmit$$anon$2$$anon$3.<init>(SparkSubmit.scala:1108)
[2026-03-18T07:34:39.102+0000] {spark_submit.py:663} INFO - at org.apache.spark.deploy.SparkSubmit$$anon$2.parseArguments(SparkSubmit.scala:1108)
[2026-03-18T07:34:39.102+0000] {spark_submit.py:663} INFO - at org.apache.spark.deploy.SparkSubmit.doSubmit(SparkSubmit.scala:86)
[2026-03-18T07:34:39.102+0000] {spark_submit.py:663} INFO - at org.apache.spark.deploy.SparkSubmit$$anon$2.doSubmit(SparkSubmit.scala:1125)
[2026-03-18T07:34:39.102+0000] {spark_submit.py:663} INFO - at org.apache.spark.deploy.SparkSubmit$.main(SparkSubmit.scala:1134)
[2026-03-18T07:34:39.102+0000] {spark_submit.py:663} INFO - at org.apache.spark.deploy.SparkSubmit.main(SparkSubmit.scala)
[2026-03-18T07:34:39.135+0000] {taskinstance.py:3336} ERROR - Task failed with exception
Traceback (most recent call last):
  File "/home/komal/data-engineering-projects/airflow-spark-pipeline/airflow_venv/lib/python3.11/site-packages/airflow/models/taskinstance.py", line 776, in _execute_task
    result = _execute_callable(context=context, **execute_callable_kwargs)
             ^^^^^^^^^^^^^^^^^^^^^^^^^^^^^^^^^^^^^^^^^^^^^^^^^^^^^^^^^^^^^
  File "/home/komal/data-engineering-projects/airflow-spark-pipeline/airflow_venv/lib/python3.11/site-packages/airflow/models/taskinstance.py", line 742, in _execute_callable
    return ExecutionCallableRunner(
           ^^^^^^^^^^^^^^^^^^^^^^^^
  File "/home/komal/data-engineering-projects/airflow-spark-pipeline/airflow_venv/lib/python3.11/site-packages/airflow/utils/operator_helpers.py", line 252, in run
    return self.func(*args, **kwargs)
           ^^^^^^^^^^^^^^^^^^^^^^^^^^
  File "/home/komal/data-engineering-projects/airflow-spark-pipeline/airflow_venv/lib/python3.11/site-packages/airflow/models/baseoperator.py", line 424, in wrapper
    return func(self, *args, **kwargs)
           ^^^^^^^^^^^^^^^^^^^^^^^^^^^
  File "/home/komal/data-engineering-projects/airflow-spark-pipeline/airflow_venv/lib/python3.11/site-packages/airflow/providers/apache/spark/operators/spark_submit.py", line 194, in execute
    self._hook.submit(self.application)
  File "/home/komal/data-engineering-projects/airflow-spark-pipeline/airflow_venv/lib/python3.11/site-packages/airflow/providers/apache/spark/hooks/spark_submit.py", line 585, in submit
    raise AirflowException(
airflow.exceptions.AirflowException: Cannot execute: /home/komal/spark/bin/spark-submit --master yarn --conf spark.master=local[*] --name arrow-spark --verbose /home/komal/data-engineering-projects/airflow-spark-pipeline/spark_jobs/sample_spark_job.py. Error code is: 1.
[2026-03-18T07:34:39.141+0000] {logging_mixin.py:190} INFO - Task instance in failure state
[2026-03-18T07:34:39.141+0000] {logging_mixin.py:190} INFO - Task start:2026-03-18 07:34:36.612357+00:00 end:2026-03-18 07:34:39.140511+00:00 duration:2.528154
[2026-03-18T07:34:39.141+0000] {logging_mixin.py:190} INFO - Task:<Task(SparkSubmitOperator): run_spark_job> dag:<DAG: spark_dag> dagrun:<DagRun spark_dag @ 2026-03-18 07:34:31.847028+00:00: manual__2026-03-18T07:34:31.847028+00:00, state:running, queued_at: 2026-03-18 07:34:31.871108+00:00. externally triggered: True>
[2026-03-18T07:34:39.141+0000] {logging_mixin.py:190} INFO - Failure caused by Cannot execute: /home/komal/spark/bin/spark-submit --master yarn --conf spark.master=local[*] --name arrow-spark --verbose /home/komal/data-engineering-projects/airflow-spark-pipeline/spark_jobs/sample_spark_job.py. Error code is: 1.
[2026-03-18T07:34:39.142+0000] {taskinstance.py:1242} INFO - Marking task as FAILED. dag_id=spark_dag, task_id=run_spark_job, run_id=manual__2026-03-18T07:34:31.847028+00:00, execution_date=20260318T073431, start_date=20260318T073436, end_date=20260318T073439
[2026-03-18T07:34:39.174+0000] {taskinstance.py:349} INFO - ::group::Post task execution logs
[2026-03-18T07:34:39.175+0000] {standard_task_runner.py:124} ERROR - Failed to execute job 24 for task run_spark_job (Cannot execute: /home/komal/spark/bin/spark-submit --master yarn --conf spark.master=local[*] --name arrow-spark --verbose /home/komal/data-engineering-projects/airflow-spark-pipeline/spark_jobs/sample_spark_job.py. Error code is: 1.; 33208)
Traceback (most recent call last):
  File "/home/komal/data-engineering-projects/airflow-spark-pipeline/airflow_venv/lib/python3.11/site-packages/airflow/task/task_runner/standard_task_runner.py", line 117, in _start_by_fork
    ret = args.func(args, dag=self.dag)
          ^^^^^^^^^^^^^^^^^^^^^^^^^^^^^
  File "/home/komal/data-engineering-projects/airflow-spark-pipeline/airflow_venv/lib/python3.11/site-packages/airflow/cli/cli_config.py", line 49, in command
    return func(*args, **kwargs)
           ^^^^^^^^^^^^^^^^^^^^^
  File "/home/komal/data-engineering-projects/airflow-spark-pipeline/airflow_venv/lib/python3.11/site-packages/airflow/utils/cli.py", line 116, in wrapper
    return f(*args, **kwargs)
           ^^^^^^^^^^^^^^^^^^
  File "/home/komal/data-engineering-projects/airflow-spark-pipeline/airflow_venv/lib/python3.11/site-packages/airflow/cli/commands/task_command.py", line 483, in task_run
    task_return_code = _run_task_by_selected_method(args, _dag, ti)
                       ^^^^^^^^^^^^^^^^^^^^^^^^^^^^^^^^^^^^^^^^^^^^
  File "/home/komal/data-engineering-projects/airflow-spark-pipeline/airflow_venv/lib/python3.11/site-packages/airflow/cli/commands/task_command.py", line 256, in _run_task_by_selected_method
    return _run_raw_task(args, ti)
           ^^^^^^^^^^^^^^^^^^^^^^^
  File "/home/komal/data-engineering-projects/airflow-spark-pipeline/airflow_venv/lib/python3.11/site-packages/airflow/cli/commands/task_command.py", line 341, in _run_raw_task
    return ti._run_raw_task(
           ^^^^^^^^^^^^^^^^^
  File "/home/komal/data-engineering-projects/airflow-spark-pipeline/airflow_venv/lib/python3.11/site-packages/airflow/utils/session.py", line 97, in wrapper
    return func(*args, session=session, **kwargs)
           ^^^^^^^^^^^^^^^^^^^^^^^^^^^^^^^^^^^^^^
  File "/home/komal/data-engineering-projects/airflow-spark-pipeline/airflow_venv/lib/python3.11/site-packages/airflow/models/taskinstance.py", line 3029, in _run_raw_task
    return _run_raw_task(
           ^^^^^^^^^^^^^^
  File "/home/komal/data-engineering-projects/airflow-spark-pipeline/airflow_venv/lib/python3.11/site-packages/airflow/models/taskinstance.py", line 282, in _run_raw_task
    TaskInstance._execute_task_with_callbacks(
  File "/home/komal/data-engineering-projects/airflow-spark-pipeline/airflow_venv/lib/python3.11/site-packages/airflow/models/taskinstance.py", line 3184, in _execute_task_with_callbacks
    result = self._execute_task(context, task_orig)
             ^^^^^^^^^^^^^^^^^^^^^^^^^^^^^^^^^^^^^^
  File "/home/komal/data-engineering-projects/airflow-spark-pipeline/airflow_venv/lib/python3.11/site-packages/airflow/models/taskinstance.py", line 3208, in _execute_task
    return _execute_task(self, context, task_orig)
           ^^^^^^^^^^^^^^^^^^^^^^^^^^^^^^^^^^^^^^^
  File "/home/komal/data-engineering-projects/airflow-spark-pipeline/airflow_venv/lib/python3.11/site-packages/airflow/models/taskinstance.py", line 776, in _execute_task
    result = _execute_callable(context=context, **execute_callable_kwargs)
             ^^^^^^^^^^^^^^^^^^^^^^^^^^^^^^^^^^^^^^^^^^^^^^^^^^^^^^^^^^^^^
  File "/home/komal/data-engineering-projects/airflow-spark-pipeline/airflow_venv/lib/python3.11/site-packages/airflow/models/taskinstance.py", line 742, in _execute_callable
    return ExecutionCallableRunner(
           ^^^^^^^^^^^^^^^^^^^^^^^^
  File "/home/komal/data-engineering-projects/airflow-spark-pipeline/airflow_venv/lib/python3.11/site-packages/airflow/utils/operator_helpers.py", line 252, in run
    return self.func(*args, **kwargs)
           ^^^^^^^^^^^^^^^^^^^^^^^^^^
  File "/home/komal/data-engineering-projects/airflow-spark-pipeline/airflow_venv/lib/python3.11/site-packages/airflow/models/baseoperator.py", line 424, in wrapper
    return func(self, *args, **kwargs)
           ^^^^^^^^^^^^^^^^^^^^^^^^^^^
  File "/home/komal/data-engineering-projects/airflow-spark-pipeline/airflow_venv/lib/python3.11/site-packages/airflow/providers/apache/spark/operators/spark_submit.py", line 194, in execute
    self._hook.submit(self.application)
  File "/home/komal/data-engineering-projects/airflow-spark-pipeline/airflow_venv/lib/python3.11/site-packages/airflow/providers/apache/spark/hooks/spark_submit.py", line 585, in submit
    raise AirflowException(
airflow.exceptions.AirflowException: Cannot execute: /home/komal/spark/bin/spark-submit --master yarn --conf spark.master=local[*] --name arrow-spark --verbose /home/komal/data-engineering-projects/airflow-spark-pipeline/spark_jobs/sample_spark_job.py. Error code is: 1.
[2026-03-18T07:34:39.214+0000] {local_task_job_runner.py:266} INFO - Task exited with return code 1
[2026-03-18T07:34:39.233+0000] {taskinstance.py:3924} INFO - 0 downstream tasks scheduled from follow-on schedule check
[2026-03-18T07:34:39.234+0000] {local_task_job_runner.py:245} INFO - ::endgroup::
