[2026-03-18T06:58:31.778+0000] {local_task_job_runner.py:123} INFO - ::group::Pre task execution logs
[2026-03-18T06:58:31.785+0000] {taskinstance.py:2631} INFO - Dependencies all met for dep_context=non-requeueable deps ti=<TaskInstance: spark_dag.run_spark_job manual__2026-03-18T06:56:23.421793+00:00 [queued]>
[2026-03-18T06:58:31.788+0000] {taskinstance.py:2631} INFO - Dependencies all met for dep_context=requeueable deps ti=<TaskInstance: spark_dag.run_spark_job manual__2026-03-18T06:56:23.421793+00:00 [queued]>
[2026-03-18T06:58:31.789+0000] {taskinstance.py:2884} INFO - Starting attempt 2 of 3
[2026-03-18T06:58:31.808+0000] {taskinstance.py:2907} INFO - Executing <Task(SparkSubmitOperator): run_spark_job> on 2026-03-18 06:56:23.421793+00:00
[2026-03-18T06:58:31.812+0000] {standard_task_runner.py:72} INFO - Started process 30569 to run task
[2026-03-18T06:58:31.818+0000] {standard_task_runner.py:104} INFO - Running: ['airflow', 'tasks', 'run', 'spark_dag', 'run_spark_job', 'manual__2026-03-18T06:56:23.421793+00:00', '--job-id', '18', '--raw', '--subdir', 'DAGS_FOLDER/spark_dag.py', '--cfg-path', '/tmp/tmpxqwe3r3n']
[2026-03-18T06:58:31.818+0000] {standard_task_runner.py:105} INFO - Job 18: Subtask run_spark_job
[2026-03-18T06:58:31.876+0000] {task_command.py:467} INFO - Running <TaskInstance: spark_dag.run_spark_job manual__2026-03-18T06:56:23.421793+00:00 [running]> on host Komal.localdomain
[2026-03-18T06:58:31.921+0000] {taskinstance.py:3157} INFO - Exporting env vars: AIRFLOW_CTX_DAG_OWNER='komal' AIRFLOW_CTX_DAG_ID='spark_dag' AIRFLOW_CTX_TASK_ID='run_spark_job' AIRFLOW_CTX_EXECUTION_DATE='2026-03-18T06:56:23.421793+00:00' AIRFLOW_CTX_TRY_NUMBER='2' AIRFLOW_CTX_DAG_RUN_ID='manual__2026-03-18T06:56:23.421793+00:00'
[2026-03-18T06:58:31.923+0000] {logging_mixin.py:190} INFO - Task instance is in running state
[2026-03-18T06:58:31.923+0000] {logging_mixin.py:190} INFO -  Previous state of the Task instance: queued
[2026-03-18T06:58:31.923+0000] {logging_mixin.py:190} INFO - Current task name:run_spark_job state:running start_date:2026-03-18 06:58:31.786140+00:00
[2026-03-18T06:58:31.923+0000] {logging_mixin.py:190} INFO - Dag name:spark_dag and current dag run status:running
[2026-03-18T06:58:31.923+0000] {taskinstance.py:740} INFO - ::endgroup::
[2026-03-18T06:58:31.926+0000] {base.py:84} INFO - Retrieving connection 'spark_default'
[2026-03-18T06:58:31.927+0000] {spark_submit.py:493} INFO - Spark-Submit cmd: spark-submit --master spark:// --conf spark.master=local[*] --name arrow-spark --verbose /home/komal/data-engineering-projects/airflow-spark-pipeline/spark_jobs/sample_spark_job.py
[2026-03-18T06:58:32.918+0000] {spark_submit.py:663} INFO - Using properties file: null
[2026-03-18T06:58:32.982+0000] {spark_submit.py:663} INFO - 26/03/18 06:58:32 WARN Utils: Your hostname, Komal resolves to a loopback address: 127.0.1.1; using 10.255.255.254 instead (on interface lo)
[2026-03-18T06:58:32.984+0000] {spark_submit.py:663} INFO - 26/03/18 06:58:32 WARN Utils: Set SPARK_LOCAL_IP if you need to bind to another address
[2026-03-18T06:58:33.235+0000] {spark_submit.py:663} INFO - Parsed arguments:
[2026-03-18T06:58:33.236+0000] {spark_submit.py:663} INFO - master                  spark://
[2026-03-18T06:58:33.237+0000] {spark_submit.py:663} INFO - remote                  null
[2026-03-18T06:58:33.237+0000] {spark_submit.py:663} INFO - deployMode              null
[2026-03-18T06:58:33.237+0000] {spark_submit.py:663} INFO - executorMemory          null
[2026-03-18T06:58:33.238+0000] {spark_submit.py:663} INFO - executorCores           null
[2026-03-18T06:58:33.238+0000] {spark_submit.py:663} INFO - totalExecutorCores      null
[2026-03-18T06:58:33.238+0000] {spark_submit.py:663} INFO - propertiesFile          null
[2026-03-18T06:58:33.238+0000] {spark_submit.py:663} INFO - driverMemory            null
[2026-03-18T06:58:33.238+0000] {spark_submit.py:663} INFO - driverCores             null
[2026-03-18T06:58:33.238+0000] {spark_submit.py:663} INFO - driverExtraClassPath    null
[2026-03-18T06:58:33.238+0000] {spark_submit.py:663} INFO - driverExtraLibraryPath  null
[2026-03-18T06:58:33.238+0000] {spark_submit.py:663} INFO - driverExtraJavaOptions  null
[2026-03-18T06:58:33.239+0000] {spark_submit.py:663} INFO - supervise               false
[2026-03-18T06:58:33.239+0000] {spark_submit.py:663} INFO - queue                   null
[2026-03-18T06:58:33.239+0000] {spark_submit.py:663} INFO - numExecutors            null
[2026-03-18T06:58:33.239+0000] {spark_submit.py:663} INFO - files                   null
[2026-03-18T06:58:33.239+0000] {spark_submit.py:663} INFO - pyFiles                 null
[2026-03-18T06:58:33.239+0000] {spark_submit.py:663} INFO - archives                null
[2026-03-18T06:58:33.239+0000] {spark_submit.py:663} INFO - mainClass               null
[2026-03-18T06:58:33.240+0000] {spark_submit.py:663} INFO - primaryResource         file:/home/komal/data-engineering-projects/airflow-spark-pipeline/spark_jobs/sample_spark_job.py
[2026-03-18T06:58:33.240+0000] {spark_submit.py:663} INFO - name                    arrow-spark
[2026-03-18T06:58:33.240+0000] {spark_submit.py:663} INFO - childArgs               []
[2026-03-18T06:58:33.240+0000] {spark_submit.py:663} INFO - jars                    null
[2026-03-18T06:58:33.240+0000] {spark_submit.py:663} INFO - packages                null
[2026-03-18T06:58:33.240+0000] {spark_submit.py:663} INFO - packagesExclusions      null
[2026-03-18T06:58:33.241+0000] {spark_submit.py:663} INFO - repositories            null
[2026-03-18T06:58:33.241+0000] {spark_submit.py:663} INFO - verbose                 true
[2026-03-18T06:58:33.241+0000] {spark_submit.py:663} INFO - 
[2026-03-18T06:58:33.241+0000] {spark_submit.py:663} INFO - Spark properties used, including those specified through
[2026-03-18T06:58:33.241+0000] {spark_submit.py:663} INFO - --conf and those from the properties file null:
[2026-03-18T06:58:33.241+0000] {spark_submit.py:663} INFO - (spark.master,local[*])
[2026-03-18T06:58:33.241+0000] {spark_submit.py:663} INFO - 
[2026-03-18T06:58:33.242+0000] {spark_submit.py:663} INFO - 
[2026-03-18T06:58:33.507+0000] {spark_submit.py:663} INFO - Main class:
[2026-03-18T06:58:33.507+0000] {spark_submit.py:663} INFO - org.apache.spark.deploy.PythonRunner
[2026-03-18T06:58:33.507+0000] {spark_submit.py:663} INFO - Arguments:
[2026-03-18T06:58:33.508+0000] {spark_submit.py:663} INFO - file:/home/komal/data-engineering-projects/airflow-spark-pipeline/spark_jobs/sample_spark_job.py
[2026-03-18T06:58:33.508+0000] {spark_submit.py:663} INFO - null
[2026-03-18T06:58:33.508+0000] {spark_submit.py:663} INFO - Spark config:
[2026-03-18T06:58:33.508+0000] {spark_submit.py:663} INFO - (spark.app.name,arrow-spark)
[2026-03-18T06:58:33.508+0000] {spark_submit.py:663} INFO - (spark.app.submitTime,1773817113479)
[2026-03-18T06:58:33.508+0000] {spark_submit.py:663} INFO - (spark.master,spark://)
[2026-03-18T06:58:33.508+0000] {spark_submit.py:663} INFO - (spark.submit.deployMode,client)
[2026-03-18T06:58:33.508+0000] {spark_submit.py:663} INFO - (spark.submit.pyFiles,)
[2026-03-18T06:58:33.508+0000] {spark_submit.py:663} INFO - Classpath elements:
[2026-03-18T06:58:33.508+0000] {spark_submit.py:663} INFO - 
[2026-03-18T06:58:33.508+0000] {spark_submit.py:663} INFO - 
[2026-03-18T06:58:33.508+0000] {spark_submit.py:663} INFO - 
[2026-03-18T06:58:33.576+0000] {spark_submit.py:663} INFO - Exception in thread "main" java.io.IOException: Cannot run program "": error=2, No such file or directory
[2026-03-18T06:58:33.576+0000] {spark_submit.py:663} INFO - at java.base/java.lang.ProcessBuilder.start(ProcessBuilder.java:1143)
[2026-03-18T06:58:33.576+0000] {spark_submit.py:663} INFO - at java.base/java.lang.ProcessBuilder.start(ProcessBuilder.java:1073)
[2026-03-18T06:58:33.576+0000] {spark_submit.py:663} INFO - at org.apache.spark.deploy.PythonRunner$.main(PythonRunner.scala:98)
[2026-03-18T06:58:33.576+0000] {spark_submit.py:663} INFO - at org.apache.spark.deploy.PythonRunner.main(PythonRunner.scala)
[2026-03-18T06:58:33.576+0000] {spark_submit.py:663} INFO - at java.base/jdk.internal.reflect.NativeMethodAccessorImpl.invoke0(Native Method)
[2026-03-18T06:58:33.577+0000] {spark_submit.py:663} INFO - at java.base/jdk.internal.reflect.NativeMethodAccessorImpl.invoke(NativeMethodAccessorImpl.java:77)
[2026-03-18T06:58:33.577+0000] {spark_submit.py:663} INFO - at java.base/jdk.internal.reflect.DelegatingMethodAccessorImpl.invoke(DelegatingMethodAccessorImpl.java:43)
[2026-03-18T06:58:33.577+0000] {spark_submit.py:663} INFO - at java.base/java.lang.reflect.Method.invoke(Method.java:569)
[2026-03-18T06:58:33.577+0000] {spark_submit.py:663} INFO - at org.apache.spark.deploy.JavaMainApplication.start(SparkApplication.scala:52)
[2026-03-18T06:58:33.577+0000] {spark_submit.py:663} INFO - at org.apache.spark.deploy.SparkSubmit.org$apache$spark$deploy$SparkSubmit$$runMain(SparkSubmit.scala:1034)
[2026-03-18T06:58:33.577+0000] {spark_submit.py:663} INFO - at org.apache.spark.deploy.SparkSubmit.doRunMain$1(SparkSubmit.scala:199)
[2026-03-18T06:58:33.577+0000] {spark_submit.py:663} INFO - at org.apache.spark.deploy.SparkSubmit.submit(SparkSubmit.scala:222)
[2026-03-18T06:58:33.577+0000] {spark_submit.py:663} INFO - at org.apache.spark.deploy.SparkSubmit.doSubmit(SparkSubmit.scala:91)
[2026-03-18T06:58:33.577+0000] {spark_submit.py:663} INFO - at org.apache.spark.deploy.SparkSubmit$$anon$2.doSubmit(SparkSubmit.scala:1125)
[2026-03-18T06:58:33.577+0000] {spark_submit.py:663} INFO - at org.apache.spark.deploy.SparkSubmit$.main(SparkSubmit.scala:1134)
[2026-03-18T06:58:33.577+0000] {spark_submit.py:663} INFO - at org.apache.spark.deploy.SparkSubmit.main(SparkSubmit.scala)
[2026-03-18T06:58:33.578+0000] {spark_submit.py:663} INFO - Caused by: java.io.IOException: error=2, No such file or directory
[2026-03-18T06:58:33.578+0000] {spark_submit.py:663} INFO - at java.base/java.lang.ProcessImpl.forkAndExec(Native Method)
[2026-03-18T06:58:33.578+0000] {spark_submit.py:663} INFO - at java.base/java.lang.ProcessImpl.<init>(ProcessImpl.java:314)
[2026-03-18T06:58:33.578+0000] {spark_submit.py:663} INFO - at java.base/java.lang.ProcessImpl.start(ProcessImpl.java:244)
[2026-03-18T06:58:33.578+0000] {spark_submit.py:663} INFO - at java.base/java.lang.ProcessBuilder.start(ProcessBuilder.java:1110)
[2026-03-18T06:58:33.578+0000] {spark_submit.py:663} INFO - ... 15 more
[2026-03-18T06:58:33.582+0000] {spark_submit.py:663} INFO - 26/03/18 06:58:33 INFO ShutdownHookManager: Shutdown hook called
[2026-03-18T06:58:33.583+0000] {spark_submit.py:663} INFO - 26/03/18 06:58:33 INFO ShutdownHookManager: Deleting directory /tmp/spark-50c93d58-6c6a-41ee-8370-32b72423d6f0
[2026-03-18T06:58:33.627+0000] {taskinstance.py:3336} ERROR - Task failed with exception
Traceback (most recent call last):
  File "/home/komal/data-engineering-projects/airflow-spark-pipeline/airflow_venv/lib/python3.11/site-packages/airflow/models/taskinstance.py", line 776, in _execute_task
    result = _execute_callable(context=context, **execute_callable_kwargs)
             ^^^^^^^^^^^^^^^^^^^^^^^^^^^^^^^^^^^^^^^^^^^^^^^^^^^^^^^^^^^^^
  File "/home/komal/data-engineering-projects/airflow-spark-pipeline/airflow_venv/lib/python3.11/site-packages/airflow/models/taskinstance.py", line 742, in _execute_callable
    return ExecutionCallableRunner(
           ^^^^^^^^^^^^^^^^^^^^^^^^
  File "/home/komal/data-engineering-projects/airflow-spark-pipeline/airflow_venv/lib/python3.11/site-packages/airflow/utils/operator_helpers.py", line 252, in run
    return self.func(*args, **kwargs)
           ^^^^^^^^^^^^^^^^^^^^^^^^^^
  File "/home/komal/data-engineering-projects/airflow-spark-pipeline/airflow_venv/lib/python3.11/site-packages/airflow/models/baseoperator.py", line 424, in wrapper
    return func(self, *args, **kwargs)
           ^^^^^^^^^^^^^^^^^^^^^^^^^^^
  File "/home/komal/data-engineering-projects/airflow-spark-pipeline/airflow_venv/lib/python3.11/site-packages/airflow/providers/apache/spark/operators/spark_submit.py", line 194, in execute
    self._hook.submit(self.application)
  File "/home/komal/data-engineering-projects/airflow-spark-pipeline/airflow_venv/lib/python3.11/site-packages/airflow/providers/apache/spark/hooks/spark_submit.py", line 585, in submit
    raise AirflowException(
airflow.exceptions.AirflowException: Cannot execute: spark-submit --master spark:// --conf spark.master=local[*] --name arrow-spark --verbose /home/komal/data-engineering-projects/airflow-spark-pipeline/spark_jobs/sample_spark_job.py. Error code is: 1.
[2026-03-18T06:58:33.631+0000] {logging_mixin.py:190} INFO - Task instance in failure state
[2026-03-18T06:58:33.631+0000] {logging_mixin.py:190} INFO - Task start:2026-03-18 06:58:31.786140+00:00 end:2026-03-18 06:58:33.631356+00:00 duration:1.845216
[2026-03-18T06:58:33.632+0000] {logging_mixin.py:190} INFO - Task:<Task(SparkSubmitOperator): run_spark_job> dag:<DAG: spark_dag> dagrun:<DagRun spark_dag @ 2026-03-18 06:56:23.421793+00:00: manual__2026-03-18T06:56:23.421793+00:00, state:running, queued_at: 2026-03-18 06:56:23.436446+00:00. externally triggered: True>
[2026-03-18T06:58:33.632+0000] {logging_mixin.py:190} INFO - Failure caused by Cannot execute: spark-submit --master spark:// --conf spark.master=local[*] --name arrow-spark --verbose /home/komal/data-engineering-projects/airflow-spark-pipeline/spark_jobs/sample_spark_job.py. Error code is: 1.
[2026-03-18T06:58:33.632+0000] {taskinstance.py:1242} INFO - Marking task as UP_FOR_RETRY. dag_id=spark_dag, task_id=run_spark_job, run_id=manual__2026-03-18T06:56:23.421793+00:00, execution_date=20260318T065623, start_date=20260318T065831, end_date=20260318T065833
[2026-03-18T06:58:33.663+0000] {taskinstance.py:349} INFO - ::group::Post task execution logs
[2026-03-18T06:58:33.664+0000] {standard_task_runner.py:124} ERROR - Failed to execute job 18 for task run_spark_job (Cannot execute: spark-submit --master spark:// --conf spark.master=local[*] --name arrow-spark --verbose /home/komal/data-engineering-projects/airflow-spark-pipeline/spark_jobs/sample_spark_job.py. Error code is: 1.; 30569)
Traceback (most recent call last):
  File "/home/komal/data-engineering-projects/airflow-spark-pipeline/airflow_venv/lib/python3.11/site-packages/airflow/task/task_runner/standard_task_runner.py", line 117, in _start_by_fork
    ret = args.func(args, dag=self.dag)
          ^^^^^^^^^^^^^^^^^^^^^^^^^^^^^
  File "/home/komal/data-engineering-projects/airflow-spark-pipeline/airflow_venv/lib/python3.11/site-packages/airflow/cli/cli_config.py", line 49, in command
    return func(*args, **kwargs)
           ^^^^^^^^^^^^^^^^^^^^^
  File "/home/komal/data-engineering-projects/airflow-spark-pipeline/airflow_venv/lib/python3.11/site-packages/airflow/utils/cli.py", line 116, in wrapper
    return f(*args, **kwargs)
           ^^^^^^^^^^^^^^^^^^
  File "/home/komal/data-engineering-projects/airflow-spark-pipeline/airflow_venv/lib/python3.11/site-packages/airflow/cli/commands/task_command.py", line 483, in task_run
    task_return_code = _run_task_by_selected_method(args, _dag, ti)
                       ^^^^^^^^^^^^^^^^^^^^^^^^^^^^^^^^^^^^^^^^^^^^
  File "/home/komal/data-engineering-projects/airflow-spark-pipeline/airflow_venv/lib/python3.11/site-packages/airflow/cli/commands/task_command.py", line 256, in _run_task_by_selected_method
    return _run_raw_task(args, ti)
           ^^^^^^^^^^^^^^^^^^^^^^^
  File "/home/komal/data-engineering-projects/airflow-spark-pipeline/airflow_venv/lib/python3.11/site-packages/airflow/cli/commands/task_command.py", line 341, in _run_raw_task
    return ti._run_raw_task(
           ^^^^^^^^^^^^^^^^^
  File "/home/komal/data-engineering-projects/airflow-spark-pipeline/airflow_venv/lib/python3.11/site-packages/airflow/utils/session.py", line 97, in wrapper
    return func(*args, session=session, **kwargs)
           ^^^^^^^^^^^^^^^^^^^^^^^^^^^^^^^^^^^^^^
  File "/home/komal/data-engineering-projects/airflow-spark-pipeline/airflow_venv/lib/python3.11/site-packages/airflow/models/taskinstance.py", line 3029, in _run_raw_task
    return _run_raw_task(
           ^^^^^^^^^^^^^^
  File "/home/komal/data-engineering-projects/airflow-spark-pipeline/airflow_venv/lib/python3.11/site-packages/airflow/models/taskinstance.py", line 282, in _run_raw_task
    TaskInstance._execute_task_with_callbacks(
  File "/home/komal/data-engineering-projects/airflow-spark-pipeline/airflow_venv/lib/python3.11/site-packages/airflow/models/taskinstance.py", line 3184, in _execute_task_with_callbacks
    result = self._execute_task(context, task_orig)
             ^^^^^^^^^^^^^^^^^^^^^^^^^^^^^^^^^^^^^^
  File "/home/komal/data-engineering-projects/airflow-spark-pipeline/airflow_venv/lib/python3.11/site-packages/airflow/models/taskinstance.py", line 3208, in _execute_task
    return _execute_task(self, context, task_orig)
           ^^^^^^^^^^^^^^^^^^^^^^^^^^^^^^^^^^^^^^^
  File "/home/komal/data-engineering-projects/airflow-spark-pipeline/airflow_venv/lib/python3.11/site-packages/airflow/models/taskinstance.py", line 776, in _execute_task
    result = _execute_callable(context=context, **execute_callable_kwargs)
             ^^^^^^^^^^^^^^^^^^^^^^^^^^^^^^^^^^^^^^^^^^^^^^^^^^^^^^^^^^^^^
  File "/home/komal/data-engineering-projects/airflow-spark-pipeline/airflow_venv/lib/python3.11/site-packages/airflow/models/taskinstance.py", line 742, in _execute_callable
    return ExecutionCallableRunner(
           ^^^^^^^^^^^^^^^^^^^^^^^^
  File "/home/komal/data-engineering-projects/airflow-spark-pipeline/airflow_venv/lib/python3.11/site-packages/airflow/utils/operator_helpers.py", line 252, in run
    return self.func(*args, **kwargs)
           ^^^^^^^^^^^^^^^^^^^^^^^^^^
  File "/home/komal/data-engineering-projects/airflow-spark-pipeline/airflow_venv/lib/python3.11/site-packages/airflow/models/baseoperator.py", line 424, in wrapper
    return func(self, *args, **kwargs)
           ^^^^^^^^^^^^^^^^^^^^^^^^^^^
  File "/home/komal/data-engineering-projects/airflow-spark-pipeline/airflow_venv/lib/python3.11/site-packages/airflow/providers/apache/spark/operators/spark_submit.py", line 194, in execute
    self._hook.submit(self.application)
  File "/home/komal/data-engineering-projects/airflow-spark-pipeline/airflow_venv/lib/python3.11/site-packages/airflow/providers/apache/spark/hooks/spark_submit.py", line 585, in submit
    raise AirflowException(
airflow.exceptions.AirflowException: Cannot execute: spark-submit --master spark:// --conf spark.master=local[*] --name arrow-spark --verbose /home/komal/data-engineering-projects/airflow-spark-pipeline/spark_jobs/sample_spark_job.py. Error code is: 1.
[2026-03-18T06:58:33.687+0000] {local_task_job_runner.py:266} INFO - Task exited with return code 1
[2026-03-18T06:58:33.701+0000] {taskinstance.py:3924} INFO - 0 downstream tasks scheduled from follow-on schedule check
[2026-03-18T06:58:33.701+0000] {local_task_job_runner.py:245} INFO - ::endgroup::
